2026-03-05T03:51:56.665Z [console][log] [Fast Refresh] done in 237ms
2026-03-05T03:51:56.711Z [console][debug] __ORCHIDS_NAVIGATE__ http://localhost:3000/discover
2026-03-05T03:52:18.149Z [console][log] [Fast Refresh] rebuilding
2026-03-05T03:52:18.379Z [console][log] [Fast Refresh] done in 231ms
2026-03-05T03:52:18.418Z [console][debug] __ORCHIDS_NAVIGATE__ http://localhost:3000/discover
2026-03-05T03:52:19.058Z [console][log] [Fast Refresh] rebuilding
2026-03-05T03:52:19.362Z [console][log] [Fast Refresh] done in 304ms
2026-03-05T03:52:19.499Z [console][debug] __ORCHIDS_NAVIGATE__ http://localhost:3000/discover
2026-03-05T03:52:36.788Z [console][log] [Fast Refresh] rebuilding
2026-03-05T03:52:36.983Z [console][log] [Fast Refresh] done in 195ms
2026-03-05T03:52:37.089Z [console][debug] __ORCHIDS_NAVIGATE__ http://localhost:3000/discover
2026-03-05T03:52:37.441Z [console][log] [Fast Refresh] rebuilding
2026-03-05T03:52:37.716Z [console][log] [Fast Refresh] done in 275ms
2026-03-05T03:52:37.797Z [console][debug] __ORCHIDS_NAVIGATE__ http://localhost:3000/discover
2026-03-05T03:52:54.091Z [console][log] [Fast Refresh] rebuilding
2026-03-05T03:52:54.385Z [console][log] [Fast Refresh] done in 294ms
2026-03-05T03:52:54.476Z [console][debug] __ORCHIDS_NAVIGATE__ http://localhost:3000/discover
2026-03-05T03:52:54.900Z [console][log] [Fast Refresh] rebuilding
2026-03-05T03:52:55.085Z [console][log] [Fast Refresh] done in 185ms
2026-03-05T03:52:55.193Z [console][debug] __ORCHIDS_NAVIGATE__ http://localhost:3000/discover
2026-03-05T03:50:26.527Z [network][GET 200] /_next/static/webpack/ecf75033157f189c.webpack.hot-update.json
  response: {"c":["app/layout","app/(home)/page","webpack"],"r":[],"m":[]}
2026-03-05T03:50:26.633Z [network][GET 200] 
  response: 2:I["(app-pages-browser)/./node_modules/.pnpm/next@15.5.9_@opentelemetry+api@1.9.0_react-dom@19.1.4_react@19.1.4__react@19.1.4/node_modules/next/dist/next-devtools/userspace/app/segment-explorer-node.js",["app-pages-internals","static/chunks/app-pages-internals.js"],"SegmentViewNode"]
4:"$Sreact.fragment"
15:I["(app-pages-browser)/./src/components/theme-provider.tsx",["app/layout","static/chunks/app/layout.js"],"ThemeProvider"]
17:I["(app-pages-browser)/./src/components/posthog-provider.tsx",["app/layout","static/chunks/app/layout.js"],"PostHogProvider"]
19:I["(app-pages-browser)/./src/components/Header.tsx",["app/layout","static/chunks/app/layout.js"],"Header"]
1c:I["(app-pages-browser)/./node_modules/.pnpm/next@15.5.9_@opentelemetry+api@1.9.0_react-dom@19.1.4_react@19.1.4__react@19.1.4/node_modules/next/dist/client/components/layout-router.js",["app-pages-internals","static/chunks/app-pages-internals.js"],""]
1e:I["(app-pages-browser)/./node_modules/.pnpm/next@15.5.9_@opentelemetry+api@1.9.0_react-dom@19.1.4_react@19.1.4__react@19.1.4/node_modules/next/dist/client/components/render-from-template-context.js",["app-pages-internals","static/chunks/app-pages-internals.js"],""]
88:"$Sreact.forward_ref"
8b:I["(app-pages-browser)/./node_modules/.pnpm/next@15.5.9_@opentelemetry+api@1.9.0_react-dom@19.1.4_react@19.1.4__react@19.1.4/node_modules/next/dist/client/app-dir/link.js",["app/discover/page","static/chunks/app/discover/page.js"],""]
a3:"$Sreact.forward_ref"
bf:"$Sreact.forward_ref"
db:"$Sreact.forward_ref"
f4:"$Sreact.forward_ref"
10d:"$Sreact.forward_ref"
24f:I["(app-pages-browser)/./node_modules/.pnpm/next@15.5.9_@opentelemetry+api@1.9.0_react-dom@19.1.4_react@19.1.4__react@19.1.4/node_modules/next/dist/lib/framework/boundary-components.js",["app-pages-internals","static/chunks/app-pages-internals.js"],"OutletBoundary"]
256:I["(app-pages-browser)/./node_modules/.pnpm/next@15.5.9_@opentelemetry+api@1.9.0_react-dom@19.1.4_react@19.1.4__react@19.1.4/node_modules/next... [truncated]
2026-03-05T03:50:27.193Z [network][GET 200] /_next/static/webpack/30e79f779897eb0d.webpack.hot-update.json
  response: {"c":["app/layout","webpack"],"r":[],"m":[]}
2026-03-05T03:50:27.302Z [network][GET 200] 
  response: 2:I["(app-pages-browser)/./node_modules/.pnpm/next@15.5.9_@opentelemetry+api@1.9.0_react-dom@19.1.4_react@19.1.4__react@19.1.4/node_modules/next/dist/next-devtools/userspace/app/segment-explorer-node.js",["app-pages-internals","static/chunks/app-pages-internals.js"],"SegmentViewNode"]
4:"$Sreact.fragment"
15:I["(app-pages-browser)/./src/components/theme-provider.tsx",["app/layout","static/chunks/app/layout.js"],"ThemeProvider"]
17:I["(app-pages-browser)/./src/components/posthog-provider.tsx",["app/layout","static/chunks/app/layout.js"],"PostHogProvider"]
19:I["(app-pages-browser)/./src/components/Header.tsx",["app/layout","static/chunks/app/layout.js"],"Header"]
1c:I["(app-pages-browser)/./node_modules/.pnpm/next@15.5.9_@opentelemetry+api@1.9.0_react-dom@19.1.4_react@19.1.4__react@19.1.4/node_modules/next/dist/client/components/layout-router.js",["app-pages-internals","static/chunks/app-pages-internals.js"],""]
1e:I["(app-pages-browser)/./node_modules/.pnpm/next@15.5.9_@opentelemetry+api@1.9.0_react-dom@19.1.4_react@19.1.4__react@19.1.4/node_modules/next/dist/client/components/render-from-template-context.js",["app-pages-internals","static/chunks/app-pages-internals.js"],""]
88:"$Sreact.forward_ref"
8b:I["(app-pages-browser)/./node_modules/.pnpm/next@15.5.9_@opentelemetry+api@1.9.0_react-dom@19.1.4_react@19.1.4__react@19.1.4/node_modules/next/dist/client/app-dir/link.js",["app/discover/page","static/chunks/app/discover/page.js"],""]
a3:"$Sreact.forward_ref"
bf:"$Sreact.forward_ref"
db:"$Sreact.forward_ref"
f4:"$Sreact.forward_ref"
10d:"$Sreact.forward_ref"
24f:I["(app-pages-browser)/./node_modules/.pnpm/next@15.5.9_@opentelemetry+api@1.9.0_react-dom@19.1.4_react@19.1.4__react@19.1.4/node_modules/next/dist/lib/framework/boundary-components.js",["app-pages-internals","static/chunks/app-pages-internals.js"],"OutletBoundary"]
256:I["(app-pages-browser)/./node_modules/.pnpm/next@15.5.9_@opentelemetry+api@1.9.0_react-dom@19.1.4_react@19.1.4__react@19.1.4/node_modules/next... [truncated]
2026-03-05T03:51:56.056Z [network][GET 200] /_next/static/webpack/1ecb651fc33c1e29.webpack.hot-update.json
  response: {"c":["app/layout","app/(home)/page","webpack"],"r":[],"m":[]}
2026-03-05T03:51:56.166Z [network][GET 200] 
  response: 2:I["(app-pages-browser)/./node_modules/.pnpm/next@15.5.9_@opentelemetry+api@1.9.0_react-dom@19.1.4_react@19.1.4__react@19.1.4/node_modules/next/dist/next-devtools/userspace/app/segment-explorer-node.js",["app-pages-internals","static/chunks/app-pages-internals.js"],"SegmentViewNode"]
4:"$Sreact.fragment"
15:I["(app-pages-browser)/./src/components/theme-provider.tsx",["app/layout","static/chunks/app/layout.js"],"ThemeProvider"]
17:I["(app-pages-browser)/./src/components/posthog-provider.tsx",["app/layout","static/chunks/app/layout.js"],"PostHogProvider"]
19:I["(app-pages-browser)/./src/components/Header.tsx",["app/layout","static/chunks/app/layout.js"],"Header"]
1c:I["(app-pages-browser)/./node_modules/.pnpm/next@15.5.9_@opentelemetry+api@1.9.0_react-dom@19.1.4_react@19.1.4__react@19.1.4/node_modules/next/dist/client/components/layout-router.js",["app-pages-internals","static/chunks/app-pages-internals.js"],""]
1e:I["(app-pages-browser)/./node_modules/.pnpm/next@15.5.9_@opentelemetry+api@1.9.0_react-dom@19.1.4_react@19.1.4__react@19.1.4/node_modules/next/dist/client/components/render-from-template-context.js",["app-pages-internals","static/chunks/app-pages-internals.js"],""]
88:"$Sreact.forward_ref"
8b:I["(app-pages-browser)/./node_modules/.pnpm/next@15.5.9_@opentelemetry+api@1.9.0_react-dom@19.1.4_react@19.1.4__react@19.1.4/node_modules/next/dist/client/app-dir/link.js",["app/discover/page","static/chunks/app/discover/page.js"],""]
a3:"$Sreact.forward_ref"
bf:"$Sreact.forward_ref"
db:"$Sreact.forward_ref"
f4:"$Sreact.forward_ref"
10d:"$Sreact.forward_ref"
24f:I["(app-pages-browser)/./node_modules/.pnpm/next@15.5.9_@opentelemetry+api@1.9.0_react-dom@19.1.4_react@19.1.4__react@19.1.4/node_modules/next/dist/lib/framework/boundary-components.js",["app-pages-internals","static/chunks/app-pages-internals.js"],"OutletBoundary"]
256:I["(app-pages-browser)/./node_modules/.pnpm/next@15.5.9_@opentelemetry+api@1.9.0_react-dom@19.1.4_react@19.1.4__react@19.1.4/node_modules/next... [truncated]
2026-03-05T03:51:56.588Z [network][GET 200] /_next/static/webpack/7d994bc8235dc229.webpack.hot-update.json
  response: {"c":["app/layout","webpack"],"r":[],"m":[]}
2026-03-05T03:51:56.695Z [network][GET 200] 
  response: 2:I["(app-pages-browser)/./node_modules/.pnpm/next@15.5.9_@opentelemetry+api@1.9.0_react-dom@19.1.4_react@19.1.4__react@19.1.4/node_modules/next/dist/next-devtools/userspace/app/segment-explorer-node.js",["app-pages-internals","static/chunks/app-pages-internals.js"],"SegmentViewNode"]
4:"$Sreact.fragment"
15:I["(app-pages-browser)/./src/components/theme-provider.tsx",["app/layout","static/chunks/app/layout.js"],"ThemeProvider"]
17:I["(app-pages-browser)/./src/components/posthog-provider.tsx",["app/layout","static/chunks/app/layout.js"],"PostHogProvider"]
19:I["(app-pages-browser)/./src/components/Header.tsx",["app/layout","static/chunks/app/layout.js"],"Header"]
1c:I["(app-pages-browser)/./node_modules/.pnpm/next@15.5.9_@opentelemetry+api@1.9.0_react-dom@19.1.4_react@19.1.4__react@19.1.4/node_modules/next/dist/client/components/layout-router.js",["app-pages-internals","static/chunks/app-pages-internals.js"],""]
1e:I["(app-pages-browser)/./node_modules/.pnpm/next@15.5.9_@opentelemetry+api@1.9.0_react-dom@19.1.4_react@19.1.4__react@19.1.4/node_modules/next/dist/client/components/render-from-template-context.js",["app-pages-internals","static/chunks/app-pages-internals.js"],""]
88:"$Sreact.forward_ref"
8b:I["(app-pages-browser)/./node_modules/.pnpm/next@15.5.9_@opentelemetry+api@1.9.0_react-dom@19.1.4_react@19.1.4__react@19.1.4/node_modules/next/dist/client/app-dir/link.js",["app/discover/page","static/chunks/app/discover/page.js"],""]
a3:"$Sreact.forward_ref"
bf:"$Sreact.forward_ref"
db:"$Sreact.forward_ref"
f4:"$Sreact.forward_ref"
10d:"$Sreact.forward_ref"
24f:I["(app-pages-browser)/./node_modules/.pnpm/next@15.5.9_@opentelemetry+api@1.9.0_react-dom@19.1.4_react@19.1.4__react@19.1.4/node_modules/next/dist/lib/framework/boundary-components.js",["app-pages-internals","static/chunks/app-pages-internals.js"],"OutletBoundary"]
256:I["(app-pages-browser)/./node_modules/.pnpm/next@15.5.9_@opentelemetry+api@1.9.0_react-dom@19.1.4_react@19.1.4__react@19.1.4/node_modules/next... [truncated]
2026-03-05T03:52:18.306Z [network][GET 200] /_next/static/webpack/d272f380562967b1.webpack.hot-update.json
  response: {"c":["app/layout","app/(home)/page","webpack"],"r":[],"m":[]}
2026-03-05T03:52:18.406Z [network][GET 200] 
  response: 2:I["(app-pages-browser)/./node_modules/.pnpm/next@15.5.9_@opentelemetry+api@1.9.0_react-dom@19.1.4_react@19.1.4__react@19.1.4/node_modules/next/dist/next-devtools/userspace/app/segment-explorer-node.js",["app-pages-internals","static/chunks/app-pages-internals.js"],"SegmentViewNode"]
4:"$Sreact.fragment"
15:I["(app-pages-browser)/./src/components/theme-provider.tsx",["app/layout","static/chunks/app/layout.js"],"ThemeProvider"]
17:I["(app-pages-browser)/./src/components/posthog-provider.tsx",["app/layout","static/chunks/app/layout.js"],"PostHogProvider"]
19:I["(app-pages-browser)/./src/components/Header.tsx",["app/layout","static/chunks/app/layout.js"],"Header"]
1c:I["(app-pages-browser)/./node_modules/.pnpm/next@15.5.9_@opentelemetry+api@1.9.0_react-dom@19.1.4_react@19.1.4__react@19.1.4/node_modules/next/dist/client/components/layout-router.js",["app-pages-internals","static/chunks/app-pages-internals.js"],""]
1e:I["(app-pages-browser)/./node_modules/.pnpm/next@15.5.9_@opentelemetry+api@1.9.0_react-dom@19.1.4_react@19.1.4__react@19.1.4/node_modules/next/dist/client/components/render-from-template-context.js",["app-pages-internals","static/chunks/app-pages-internals.js"],""]
88:"$Sreact.forward_ref"
8b:I["(app-pages-browser)/./node_modules/.pnpm/next@15.5.9_@opentelemetry+api@1.9.0_react-dom@19.1.4_react@19.1.4__react@19.1.4/node_modules/next/dist/client/app-dir/link.js",["app/discover/page","static/chunks/app/discover/page.js"],""]
a3:"$Sreact.forward_ref"
bf:"$Sreact.forward_ref"
db:"$Sreact.forward_ref"
f4:"$Sreact.forward_ref"
10d:"$Sreact.forward_ref"
24f:I["(app-pages-browser)/./node_modules/.pnpm/next@15.5.9_@opentelemetry+api@1.9.0_react-dom@19.1.4_react@19.1.4__react@19.1.4/node_modules/next/dist/lib/framework/boundary-components.js",["app-pages-internals","static/chunks/app-pages-internals.js"],"OutletBoundary"]
256:I["(app-pages-browser)/./node_modules/.pnpm/next@15.5.9_@opentelemetry+api@1.9.0_react-dom@19.1.4_react@19.1.4__react@19.1.4/node_modules/next... [truncated]
2026-03-05T03:52:19.276Z [network][GET 200] /_next/static/webpack/52d64cd1fa431535.webpack.hot-update.json
  response: {"c":["app/layout","webpack"],"r":[],"m":[]}
2026-03-05T03:52:19.488Z [network][GET 200] 
  response: 2:I["(app-pages-browser)/./node_modules/.pnpm/next@15.5.9_@opentelemetry+api@1.9.0_react-dom@19.1.4_react@19.1.4__react@19.1.4/node_modules/next/dist/next-devtools/userspace/app/segment-explorer-node.js",["app-pages-internals","static/chunks/app-pages-internals.js"],"SegmentViewNode"]
4:"$Sreact.fragment"
15:I["(app-pages-browser)/./src/components/theme-provider.tsx",["app/layout","static/chunks/app/layout.js"],"ThemeProvider"]
17:I["(app-pages-browser)/./src/components/posthog-provider.tsx",["app/layout","static/chunks/app/layout.js"],"PostHogProvider"]
19:I["(app-pages-browser)/./src/components/Header.tsx",["app/layout","static/chunks/app/layout.js"],"Header"]
1c:I["(app-pages-browser)/./node_modules/.pnpm/next@15.5.9_@opentelemetry+api@1.9.0_react-dom@19.1.4_react@19.1.4__react@19.1.4/node_modules/next/dist/client/components/layout-router.js",["app-pages-internals","static/chunks/app-pages-internals.js"],""]
1e:I["(app-pages-browser)/./node_modules/.pnpm/next@15.5.9_@opentelemetry+api@1.9.0_react-dom@19.1.4_react@19.1.4__react@19.1.4/node_modules/next/dist/client/components/render-from-template-context.js",["app-pages-internals","static/chunks/app-pages-internals.js"],""]
88:"$Sreact.forward_ref"
8b:I["(app-pages-browser)/./node_modules/.pnpm/next@15.5.9_@opentelemetry+api@1.9.0_react-dom@19.1.4_react@19.1.4__react@19.1.4/node_modules/next/dist/client/app-dir/link.js",["app/discover/page","static/chunks/app/discover/page.js"],""]
a3:"$Sreact.forward_ref"
bf:"$Sreact.forward_ref"
db:"$Sreact.forward_ref"
f4:"$Sreact.forward_ref"
10d:"$Sreact.forward_ref"
24f:I["(app-pages-browser)/./node_modules/.pnpm/next@15.5.9_@opentelemetry+api@1.9.0_react-dom@19.1.4_react@19.1.4__react@19.1.4/node_modules/next/dist/lib/framework/boundary-components.js",["app-pages-internals","static/chunks/app-pages-internals.js"],"OutletBoundary"]
256:I["(app-pages-browser)/./node_modules/.pnpm/next@15.5.9_@opentelemetry+api@1.9.0_react-dom@19.1.4_react@19.1.4__react@19.1.4/node_modules/next... [truncated]
2026-03-05T03:52:36.975Z [network][GET 200] /_next/static/webpack/5d230b620699b747.webpack.hot-update.json
  response: {"c":["app/layout","app/(home)/page","webpack"],"r":[],"m":[]}
2026-03-05T03:52:37.073Z [network][GET 200] 
  response: 2:I["(app-pages-browser)/./node_modules/.pnpm/next@15.5.9_@opentelemetry+api@1.9.0_react-dom@19.1.4_react@19.1.4__react@19.1.4/node_modules/next/dist/next-devtools/userspace/app/segment-explorer-node.js",["app-pages-internals","static/chunks/app-pages-internals.js"],"SegmentViewNode"]
4:"$Sreact.fragment"
15:I["(app-pages-browser)/./src/components/theme-provider.tsx",["app/layout","static/chunks/app/layout.js"],"ThemeProvider"]
17:I["(app-pages-browser)/./src/components/posthog-provider.tsx",["app/layout","static/chunks/app/layout.js"],"PostHogProvider"]
19:I["(app-pages-browser)/./src/components/Header.tsx",["app/layout","static/chunks/app/layout.js"],"Header"]
1c:I["(app-pages-browser)/./node_modules/.pnpm/next@15.5.9_@opentelemetry+api@1.9.0_react-dom@19.1.4_react@19.1.4__react@19.1.4/node_modules/next/dist/client/components/layout-router.js",["app-pages-internals","static/chunks/app-pages-internals.js"],""]
1e:I["(app-pages-browser)/./node_modules/.pnpm/next@15.5.9_@opentelemetry+api@1.9.0_react-dom@19.1.4_react@19.1.4__react@19.1.4/node_modules/next/dist/client/components/render-from-template-context.js",["app-pages-internals","static/chunks/app-pages-internals.js"],""]
88:"$Sreact.forward_ref"
8b:I["(app-pages-browser)/./node_modules/.pnpm/next@15.5.9_@opentelemetry+api@1.9.0_react-dom@19.1.4_react@19.1.4__react@19.1.4/node_modules/next/dist/client/app-dir/link.js",["app/discover/page","static/chunks/app/discover/page.js"],""]
a3:"$Sreact.forward_ref"
bf:"$Sreact.forward_ref"
db:"$Sreact.forward_ref"
f4:"$Sreact.forward_ref"
10d:"$Sreact.forward_ref"
24f:I["(app-pages-browser)/./node_modules/.pnpm/next@15.5.9_@opentelemetry+api@1.9.0_react-dom@19.1.4_react@19.1.4__react@19.1.4/node_modules/next/dist/lib/framework/boundary-components.js",["app-pages-internals","static/chunks/app-pages-internals.js"],"OutletBoundary"]
256:I["(app-pages-browser)/./node_modules/.pnpm/next@15.5.9_@opentelemetry+api@1.9.0_react-dom@19.1.4_react@19.1.4__react@19.1.4/node_modules/next... [truncated]
2026-03-05T03:52:37.639Z [network][GET 200] /_next/static/webpack/ab3db3be03f220be.webpack.hot-update.json
  response: {"c":["app/layout","webpack"],"r":[],"m":[]}
2026-03-05T03:52:37.756Z [network][GET 200] 
  response: 2:I["(app-pages-browser)/./node_modules/.pnpm/next@15.5.9_@opentelemetry+api@1.9.0_react-dom@19.1.4_react@19.1.4__react@19.1.4/node_modules/next/dist/next-devtools/userspace/app/segment-explorer-node.js",["app-pages-internals","static/chunks/app-pages-internals.js"],"SegmentViewNode"]
4:"$Sreact.fragment"
15:I["(app-pages-browser)/./src/components/theme-provider.tsx",["app/layout","static/chunks/app/layout.js"],"ThemeProvider"]
17:I["(app-pages-browser)/./src/components/posthog-provider.tsx",["app/layout","static/chunks/app/layout.js"],"PostHogProvider"]
19:I["(app-pages-browser)/./src/components/Header.tsx",["app/layout","static/chunks/app/layout.js"],"Header"]
1c:I["(app-pages-browser)/./node_modules/.pnpm/next@15.5.9_@opentelemetry+api@1.9.0_react-dom@19.1.4_react@19.1.4__react@19.1.4/node_modules/next/dist/client/components/layout-router.js",["app-pages-internals","static/chunks/app-pages-internals.js"],""]
1e:I["(app-pages-browser)/./node_modules/.pnpm/next@15.5.9_@opentelemetry+api@1.9.0_react-dom@19.1.4_react@19.1.4__react@19.1.4/node_modules/next/dist/client/components/render-from-template-context.js",["app-pages-internals","static/chunks/app-pages-internals.js"],""]
88:"$Sreact.forward_ref"
8b:I["(app-pages-browser)/./node_modules/.pnpm/next@15.5.9_@opentelemetry+api@1.9.0_react-dom@19.1.4_react@19.1.4__react@19.1.4/node_modules/next/dist/client/app-dir/link.js",["app/discover/page","static/chunks/app/discover/page.js"],""]
a3:"$Sreact.forward_ref"
bf:"$Sreact.forward_ref"
db:"$Sreact.forward_ref"
f4:"$Sreact.forward_ref"
10d:"$Sreact.forward_ref"
24f:I["(app-pages-browser)/./node_modules/.pnpm/next@15.5.9_@opentelemetry+api@1.9.0_react-dom@19.1.4_react@19.1.4__react@19.1.4/node_modules/next/dist/lib/framework/boundary-components.js",["app-pages-internals","static/chunks/app-pages-internals.js"],"OutletBoundary"]
256:I["(app-pages-browser)/./node_modules/.pnpm/next@15.5.9_@opentelemetry+api@1.9.0_react-dom@19.1.4_react@19.1.4__react@19.1.4/node_modules/next... [truncated]
2026-03-05T03:52:54.268Z [network][GET 200] /_next/static/webpack/f5dfce51a40e5408.webpack.hot-update.json
  response: {"c":["app/layout","app/(home)/page","webpack"],"r":[],"m":[]}
2026-03-05T03:52:54.444Z [network][GET 200] 
  response: 2:I["(app-pages-browser)/./node_modules/.pnpm/next@15.5.9_@opentelemetry+api@1.9.0_react-dom@19.1.4_react@19.1.4__react@19.1.4/node_modules/next/dist/next-devtools/userspace/app/segment-explorer-node.js",["app-pages-internals","static/chunks/app-pages-internals.js"],"SegmentViewNode"]
4:"$Sreact.fragment"
15:I["(app-pages-browser)/./src/components/theme-provider.tsx",["app/layout","static/chunks/app/layout.js"],"ThemeProvider"]
17:I["(app-pages-browser)/./src/components/posthog-provider.tsx",["app/layout","static/chunks/app/layout.js"],"PostHogProvider"]
19:I["(app-pages-browser)/./src/components/Header.tsx",["app/layout","static/chunks/app/layout.js"],"Header"]
1c:I["(app-pages-browser)/./node_modules/.pnpm/next@15.5.9_@opentelemetry+api@1.9.0_react-dom@19.1.4_react@19.1.4__react@19.1.4/node_modules/next/dist/client/components/layout-router.js",["app-pages-internals","static/chunks/app-pages-internals.js"],""]
1e:I["(app-pages-browser)/./node_modules/.pnpm/next@15.5.9_@opentelemetry+api@1.9.0_react-dom@19.1.4_react@19.1.4__react@19.1.4/node_modules/next/dist/client/components/render-from-template-context.js",["app-pages-internals","static/chunks/app-pages-internals.js"],""]
88:"$Sreact.forward_ref"
8b:I["(app-pages-browser)/./node_modules/.pnpm/next@15.5.9_@opentelemetry+api@1.9.0_react-dom@19.1.4_react@19.1.4__react@19.1.4/node_modules/next/dist/client/app-dir/link.js",["app/discover/page","static/chunks/app/discover/page.js"],""]
a3:"$Sreact.forward_ref"
bf:"$Sreact.forward_ref"
db:"$Sreact.forward_ref"
f4:"$Sreact.forward_ref"
10d:"$Sreact.forward_ref"
24f:I["(app-pages-browser)/./node_modules/.pnpm/next@15.5.9_@opentelemetry+api@1.9.0_react-dom@19.1.4_react@19.1.4__react@19.1.4/node_modules/next/dist/lib/framework/boundary-components.js",["app-pages-internals","static/chunks/app-pages-internals.js"],"OutletBoundary"]
256:I["(app-pages-browser)/./node_modules/.pnpm/next@15.5.9_@opentelemetry+api@1.9.0_react-dom@19.1.4_react@19.1.4__react@19.1.4/node_modules/next... [truncated]
2026-03-05T03:52:55.077Z [network][GET 200] /_next/static/webpack/8173b529f21a34dc.webpack.hot-update.json
  response: {"c":["app/layout","webpack"],"r":[],"m":[]}
2026-03-05T03:52:55.183Z [network][GET 200] 
  response: 2:I["(app-pages-browser)/./node_modules/.pnpm/next@15.5.9_@opentelemetry+api@1.9.0_react-dom@19.1.4_react@19.1.4__react@19.1.4/node_modules/next/dist/next-devtools/userspace/app/segment-explorer-node.js",["app-pages-internals","static/chunks/app-pages-internals.js"],"SegmentViewNode"]
4:"$Sreact.fragment"
15:I["(app-pages-browser)/./src/components/theme-provider.tsx",["app/layout","static/chunks/app/layout.js"],"ThemeProvider"]
17:I["(app-pages-browser)/./src/components/posthog-provider.tsx",["app/layout","static/chunks/app/layout.js"],"PostHogProvider"]
19:I["(app-pages-browser)/./src/components/Header.tsx",["app/layout","static/chunks/app/layout.js"],"Header"]
1c:I["(app-pages-browser)/./node_modules/.pnpm/next@15.5.9_@opentelemetry+api@1.9.0_react-dom@19.1.4_react@19.1.4__react@19.1.4/node_modules/next/dist/client/components/layout-router.js",["app-pages-internals","static/chunks/app-pages-internals.js"],""]
1e:I["(app-pages-browser)/./node_modules/.pnpm/next@15.5.9_@opentelemetry+api@1.9.0_react-dom@19.1.4_react@19.1.4__react@19.1.4/node_modules/next/dist/client/components/render-from-template-context.js",["app-pages-internals","static/chunks/app-pages-internals.js"],""]
88:"$Sreact.forward_ref"
8b:I["(app-pages-browser)/./node_modules/.pnpm/next@15.5.9_@opentelemetry+api@1.9.0_react-dom@19.1.4_react@19.1.4__react@19.1.4/node_modules/next/dist/client/app-dir/link.js",["app/discover/page","static/chunks/app/discover/page.js"],""]
a3:"$Sreact.forward_ref"
bf:"$Sreact.forward_ref"
db:"$Sreact.forward_ref"
f4:"$Sreact.forward_ref"
10d:"$Sreact.forward_ref"
24f:I["(app-pages-browser)/./node_modules/.pnpm/next@15.5.9_@opentelemetry+api@1.9.0_react-dom@19.1.4_react@19.1.4__react@19.1.4/node_modules/next/dist/lib/framework/boundary-components.js",["app-pages-internals","static/chunks/app-pages-internals.js"],"OutletBoundary"]
256:I["(app-pages-browser)/./node_modules/.pnpm/next@15.5.9_@opentelemetry+api@1.9.0_react-dom@19.1.4_react@19.1.4__react@19.1.4/node_modules/next... [truncated]
